{
    "actual_fee": "0x0",
    "block_hash": "0x1",
    "block_number": 1,
    "events": [],
    "execution_resources": {
        "builtin_instance_counter": {
            "bitwise_builtin": 0,
            "ecdsa_builtin": 0,
            "output_builtin": 0,
            "pedersen_builtin": 1,
            "range_check_builtin": 3
        },
        "n_memory_holes": 11,
        "n_steps": 76
    },
    "l2_to_l1_messages": [],
    "status": "ACCEPTED_ON_L2",
    "transaction_hash": "0x04e5c16947819084295a654c37c31604a47ddce47eeabb68484fde2d99ae0251",
    "transaction_index": 0
}
