{
    "actual_fee": "0x0",
    "block_hash": "0x2",
    "block_number": 2,
    "events": [],
    "execution_resources": {
        "builtin_instance_counter": {
            "bitwise_builtin": 0,
            "ecdsa_builtin": 1,
            "output_builtin": 0,
            "pedersen_builtin": 3,
            "range_check_builtin": 6
        },
        "n_memory_holes": 22,
        "n_steps": 165
    },
    "l2_to_l1_messages": [],
    "status": "ACCEPTED_ON_L2",
    "transaction_hash": "0x059f4798e66952d50575f7442665d4e35b6c49ed305c8aec179f8a9e8a61e5e7",
    "transaction_index": 0
}
